---
source: crates/oxc_semantic/tests/cfg.rs
expression: output.cfg_dot_diagram()
input_file: crates/oxc_semantic/tests/cfg_fixtures/labelled_try_break.js
---
digraph {
    0 [ label = ""]
    1 [ label = ""]
    2 [ label = ""]
    3 [ label = "$return = <value>"]
    4 [ label = ""]
    5 [ label = "Unreachable()"]
    6 [ label = "Unreachable()"]
    7 [ label = ""]
    8 [ label = "Unreachable()"]
    9 [ label = "$return = <value>"]
    10 [ label = ""]
    11 [ label = "Unreachable()"]
    12 [ label = ""]
    13 [ label = "Unreachable()"]
    14 [ label = ""]
    0 -> 1 [ ]
    3 -> 2 [ ]
    4 -> 2 [ ]
    5 -> 2 [ ]
    4 -> 5 [ ]
    2 -> 6 [ ]
    7 -> 8 [ ]
    1 -> 3 [ ]
    10 -> 11 [ ]
    5 -> 7 [ ]
    8 -> 9 [ ]
    5 -> 2 [ ]
    2 -> 10 [ ]
    1 -> 10 [ ]
    7 -> 9 [ ]
    12 -> 13 [ ]
    0 -> 14 [ ]
}

