---
source: crates/oxc_semantic/tests/cfg.rs
expression: output.cfg_dot_diagram()
input_file: crates/oxc_semantic/tests/cfg_fixtures/while.js
---
digraph {
    0 [ label = ""]
    1 [ label = ""]
    2 [ label = ""]
    3 [ label = "$return = <value>"]
    4 [ label = ""]
    5 [ label = "Unreachable()"]
    6 [ label = "$return = <value>"]
    7 [ label = ""]
    8 [ label = "Unreachable()"]
    9 [ label = ""]
    0 -> 1 [ ]
    4 -> 5 [ ]
    1 -> 2 [ ]
    2 -> 3 [ ]
    3 -> 6 [ ]
    3 -> 2 [ ]
    2 -> 6 [ ]
    7 -> 8 [ ]
    0 -> 9 [ ]
}

