---
source: crates/oxc_semantic/tests/cfg.rs
expression: output.basic_blocks_printed()
input_file: crates/oxc_semantic/tests/cfg_fixtures/if_else.js
---
bb0: {

}

bb1: {

}

bb2: {
	$return = <value>
}

bb3: {

}

bb4: {
	Unreachable()
}

bb5: {
	$return = <value>
}

bb6: {

}

bb7: {
	Unreachable()
}

bb8: {

}

bb9: {
	Unreachable()
	$return = <value>
}

bb10: {

}

bb11: {
	Unreachable()
}

bb12: {

}
