---
source: crates/oxc_semantic/tests/cfg.rs
expression: output.cfg_dot_diagram()
input_file: crates/oxc_semantic/tests/cfg_fixtures/if_else.js
---
digraph {
    0 [ label = ""]
    1 [ label = ""]
    2 [ label = "$return = <value>"]
    3 [ label = ""]
    4 [ label = "Unreachable()"]
    5 [ label = "$return = <value>"]
    6 [ label = ""]
    7 [ label = "Unreachable()"]
    8 [ label = ""]
    9 [ label = "Unreachable()\n$return = <value>"]
    10 [ label = ""]
    11 [ label = "Unreachable()"]
    12 [ label = ""]
    0 -> 1 [ ]
    3 -> 4 [ ]
    6 -> 7 [ ]
    8 -> 9 [ ]
    4 -> 8 [ ]
    1 -> 2 [ ]
    1 -> 5 [ ]
    7 -> 8 [ ]
    10 -> 11 [ ]
    0 -> 12 [ ]
}

