---
source: crates/oxc_semantic/tests/cfg.rs
expression: output.basic_blocks_printed()
input_file: crates/oxc_semantic/tests/cfg_fixtures/labelled_try_break.js
---
bb0: {

}

bb1: {

}

bb2: {

}

bb3: {
	$return = <value>
}

bb4: {

}

bb5: {
	Unreachable()
}

bb6: {
	Unreachable()
}

bb7: {

}

bb8: {
	Unreachable()
}

bb9: {
	$return = <value>
}

bb10: {

}

bb11: {
	Unreachable()
}

bb12: {

}

bb13: {
	Unreachable()
}

bb14: {

}
